**vi 에디터에서:**
1. `i` 키 누르기 (입력 모드)
2. 내용 입력:
```
revert test 1
