**vi 에디터에서:**
1. `i` 키
2. 내용 입력:
```
revert test 2
